2026-08-15 10:26:03,398 - __main__ - INFO - Message sent to telegram: 
**CRITICAL WATER ALERT**

The water level in the overhead tank is now at 57.0%.

Please start conserving water immediately. We are taking steps to restore the supply, but your responsible usage is crucial.

Testing: 57%
OH Domestic: 9%
OH Flush: 56%

Thank you.
- Aspen Committee

2026-08-15 10:26:04,039 - __main__ - INFO - ending script
2026-08-15 11:23:04,758 - __main__ - INFO - Starting script
2026-08-15 11:23:06,695 - __main__ - INFO - Failed to fetch data from NBSense API. Status code: 401
2026-08-15 11:23:07,538 - __main__ - INFO - Message sent to telegram: 
**CRITICAL WATER ALERT**

The water level in the overhead tank is now at 57.0%.

Please start conserving water immediately. We are taking steps to restore the supply, but your responsible usage is crucial.

Testing: 57%
OH Domestic: 7%
OH Flush: 53%

Thank you.
- Aspen Committee

2026-08-15 11:23:08,162 - __main__ - INFO - ending script
